[     477ms] [ERROR] Failed to load resource: the server responded with a status of 404 (NOT FOUND) @ http://localhost:5001/static/RB_LOGO.png:0
[     799ms] [ERROR] Failed to load resource: the server responded with a status of 500 (INTERNAL SERVER ERROR) @ http://localhost:5001/api/setup-archive:0
[     801ms] Identifier 'renamePreflightState' has already been declared
[     816ms] [ERROR] Failed to load resource: the server responded with a status of 500 (INTERNAL SERVER ERROR) @ http://localhost:5001/api/audit/path-roots:0
[     939ms] [ERROR] Failed to load resource: the server responded with a status of 500 (INTERNAL SERVER ERROR) @ http://localhost:5001/api/library/playlists?db=local:0
[     939ms] [ERROR] Failed to load resource: the server responded with a status of 500 (INTERNAL SERVER ERROR) @ http://localhost:5001/api/library/tracks?db=local:0
[     939ms] [ERROR] Failed to load resource: the server responded with a status of 500 (INTERNAL SERVER ERROR) @ http://localhost:5001/api/library/playlists?db=local:0
[     941ms] [WARNING] <meta name="apple-mobile-web-app-capable" content="yes"> is deprecated. Please include <meta name="mobile-web-app-capable" content="yes"> @ http://localhost:5001/:0
[   37382ms] [ERROR] Failed to load resource: the server responded with a status of 500 (INTERNAL SERVER ERROR) @ http://localhost:5001/api/library/tracks?db=local:0
[   37382ms] [ERROR] Failed to load resource: the server responded with a status of 500 (INTERNAL SERVER ERROR) @ http://localhost:5001/api/library/playlists?db=local:0
[  132773ms] [ERROR] Failed to load resource: net::ERR_CONNECTION_REFUSED @ http://localhost:5001/api/status:0
[  138771ms] [ERROR] Failed to load resource: net::ERR_CONNECTION_REFUSED @ http://localhost:5001/api/status:0
[  141804ms] [ERROR] Failed to load resource: net::ERR_CONNECTION_REFUSED @ http://localhost:5001/api/library/tracks?db=local:0
[  141804ms] [ERROR] Failed to load resource: net::ERR_CONNECTION_REFUSED @ http://localhost:5001/api/library/playlists?db=local:0
[  144771ms] [ERROR] Failed to load resource: net::ERR_CONNECTION_REFUSED @ http://localhost:5001/api/status:0
[  150658ms] [ERROR] Failed to load resource: net::ERR_CONNECTION_REFUSED @ http://localhost:5001/api/status:0
[  150770ms] [ERROR] Failed to load resource: net::ERR_CONNECTION_REFUSED @ http://localhost:5001/api/status:0
[  154299ms] [INFO] [FableGear] openSiteKey — modal not yet implemented @ http://localhost:5001/static/shared/updates.js:302
[  156770ms] [ERROR] Failed to load resource: net::ERR_CONNECTION_REFUSED @ http://localhost:5001/api/status:0
[  162743ms] [ERROR] Failed to load resource: net::ERR_CONNECTION_REFUSED @ http://localhost:5001/api/setup-complete:0
[  162770ms] [ERROR] Failed to load resource: net::ERR_CONNECTION_REFUSED @ http://localhost:5001/api/status:0
[  168771ms] [ERROR] Failed to load resource: net::ERR_CONNECTION_REFUSED @ http://localhost:5001/api/status:0
[  174770ms] [ERROR] Failed to load resource: net::ERR_CONNECTION_REFUSED @ http://localhost:5001/api/status:0
[  180771ms] [ERROR] Failed to load resource: net::ERR_CONNECTION_REFUSED @ http://localhost:5001/api/status:0
[  184457ms] [ERROR] Failed to load resource: net::ERR_CONNECTION_REFUSED @ http://localhost:5001/static/RB_LOGO.png:0
[  184457ms] [ERROR] Failed to load resource: net::ERR_CONNECTION_REFUSED @ http://localhost:5001/api/config:0
[  186770ms] [ERROR] Failed to load resource: net::ERR_CONNECTION_REFUSED @ http://localhost:5001/api/status:0
[  192771ms] [ERROR] Failed to load resource: net::ERR_CONNECTION_REFUSED @ http://localhost:5001/api/status:0
[  192778ms] [ERROR] Failed to load resource: net::ERR_CONNECTION_REFUSED @ http://localhost:5001/api/settings:0
[  198770ms] [ERROR] Failed to load resource: net::ERR_CONNECTION_REFUSED @ http://localhost:5001/api/status:0
[  204771ms] [ERROR] Failed to load resource: net::ERR_CONNECTION_REFUSED @ http://localhost:5001/api/status:0
[  207992ms] [ERROR] Failed to load resource: net::ERR_CONNECTION_REFUSED @ http://localhost:5001/api/status:0
[  208875ms] [ERROR] Failed to load resource: net::ERR_CONNECTION_REFUSED @ http://localhost:5001/api/status:0
[  208877ms] [ERROR] Failed to load resource: net::ERR_CONNECTION_REFUSED @ http://localhost:5001/static/icon-fg-files.png:0
[  210258ms] [ERROR] Failed to load resource: net::ERR_CONNECTION_REFUSED @ http://localhost:5001/api/library/playlists:0
[  210771ms] [ERROR] Failed to load resource: net::ERR_CONNECTION_REFUSED @ http://localhost:5001/api/status:0
[  213208ms] [ERROR] Failed to load resource: net::ERR_CONNECTION_REFUSED @ http://localhost:5001/api/status:0
[  216771ms] [ERROR] Failed to load resource: net::ERR_CONNECTION_REFUSED @ http://localhost:5001/api/status:0
[  220258ms] [ERROR] Failed to load resource: net::ERR_CONNECTION_REFUSED @ http://localhost:5001/api/pick-folder:0
[  220261ms] TypeError: Failed to fetch
    at _nativePick (http://localhost:5001/static/shared/dnd.js:250:19)
    at pickFolderFor (http://localhost:5001/static/shared/dnd.js:255:22)
    at HTMLButtonElement.onclick (http://localhost:5001/:1827:101)
[  222771ms] [ERROR] Failed to load resource: net::ERR_CONNECTION_REFUSED @ http://localhost:5001/api/status:0
[  228771ms] [ERROR] Failed to load resource: net::ERR_CONNECTION_REFUSED @ http://localhost:5001/api/status:0
[  234771ms] [ERROR] Failed to load resource: net::ERR_CONNECTION_REFUSED @ http://localhost:5001/api/status:0
[  240771ms] [ERROR] Failed to load resource: net::ERR_CONNECTION_REFUSED @ http://localhost:5001/api/status:0
[  241525ms] [ERROR] Failed to load resource: net::ERR_CONNECTION_REFUSED @ http://localhost:5001/api/pick-folder:0
[  241525ms] TypeError: Failed to fetch
    at _nativePick (http://localhost:5001/static/shared/dnd.js:250:19)
    at pickFolderFor (http://localhost:5001/static/shared/dnd.js:255:22)
    at HTMLButtonElement.onclick (http://localhost:5001/:774:113)
[  246772ms] [ERROR] Failed to load resource: net::ERR_CONNECTION_REFUSED @ http://localhost:5001/api/status:0
[  249825ms] [ERROR] Failed to load resource: net::ERR_CONNECTION_REFUSED @ http://localhost:5001/api/pick-folder:0
[  249825ms] TypeError: Failed to fetch
    at _nativePick (http://localhost:5001/static/shared/dnd.js:250:19)
    at pickFolderFor (http://localhost:5001/static/shared/dnd.js:255:22)
    at HTMLButtonElement.onclick (http://localhost:5001/:774:113)
[  252771ms] [ERROR] Failed to load resource: net::ERR_CONNECTION_REFUSED @ http://localhost:5001/api/status:0
[  254125ms] [ERROR] Failed to load resource: net::ERR_CONNECTION_REFUSED @ http://localhost:5001/api/pick-folder:0
[  254125ms] TypeError: Failed to fetch
    at _nativePick (http://localhost:5001/static/shared/dnd.js:250:19)
    at pickPathFor (http://localhost:5001/static/shared/dnd.js:268:22)
    at HTMLButtonElement.onclick (http://localhost:5001/:795:105)
[  258771ms] [ERROR] Failed to load resource: net::ERR_CONNECTION_REFUSED @ http://localhost:5001/api/status:0
[  264770ms] [ERROR] Failed to load resource: net::ERR_CONNECTION_REFUSED @ http://localhost:5001/api/status:0
[  270771ms] [ERROR] Failed to load resource: net::ERR_CONNECTION_REFUSED @ http://localhost:5001/api/status:0
[  274032ms] [ERROR] Failed to load resource: net::ERR_CONNECTION_REFUSED @ http://localhost:5001/api/finder-selection?source=drop:0
[  276771ms] [ERROR] Failed to load resource: net::ERR_CONNECTION_REFUSED @ http://localhost:5001/api/status:0
